D:\Reaserch\Agri-backend\.venv\Lib\site-packages\sklearn\base.py:380: InconsistentVersionWarning: Trying to unpickle estimator SimpleImputer from version 1.8.0 when using version 1.6.1. This might lead to breaking code or invalid results. Use at your own risk. For more info please refer to:
https://scikit-learn.org/stable/model_persistence.html#security-maintainability-limitations
  warnings.warn(
D:\Reaserch\Agri-backend\.venv\Lib\site-packages\sklearn\base.py:380: InconsistentVersionWarning: Trying to unpickle estimator StandardScaler from version 1.8.0 when using version 1.6.1. This might lead to breaking code or invalid results. Use at your own risk. For more info please refer to:
https://scikit-learn.org/stable/model_persistence.html#security-maintainability-limitations
  warnings.warn(
D:\Reaserch\Agri-backend\.venv\Lib\site-packages\sklearn\base.py:380: InconsistentVersionWarning: Trying to unpickle estimator Pipeline from version 1.8.0 when using version 1.6.1. This might lead to breaking code or invalid results. Use at your own risk. For more info please refer to:
https://scikit-learn.org/stable/model_persistence.html#security-maintainability-limitations
  warnings.warn(
D:\Reaserch\Agri-backend\.venv\Lib\site-packages\sklearn\base.py:380: InconsistentVersionWarning: Trying to unpickle estimator OneHotEncoder from version 1.8.0 when using version 1.6.1. This might lead to breaking code or invalid results. Use at your own risk. For more info please refer to:
https://scikit-learn.org/stable/model_persistence.html#security-maintainability-limitations
  warnings.warn(
D:\Reaserch\Agri-backend\.venv\Lib\site-packages\sklearn\base.py:380: InconsistentVersionWarning: Trying to unpickle estimator ColumnTransformer from version 1.8.0 when using version 1.6.1. This might lead to breaking code or invalid results. Use at your own risk. For more info please refer to:
https://scikit-learn.org/stable/model_persistence.html#security-maintainability-limitations
  warnings.warn(
D:\Reaserch\Agri-backend\.venv\Lib\site-packages\sklearn\base.py:380: InconsistentVersionWarning: Trying to unpickle estimator DecisionTreeClassifier from version 1.8.0 when using version 1.6.1. This might lead to breaking code or invalid results. Use at your own risk. For more info please refer to:
https://scikit-learn.org/stable/model_persistence.html#security-maintainability-limitations
  warnings.warn(
D:\Reaserch\Agri-backend\.venv\Lib\site-packages\sklearn\base.py:380: InconsistentVersionWarning: Trying to unpickle estimator RandomForestClassifier from version 1.8.0 when using version 1.6.1. This might lead to breaking code or invalid results. Use at your own risk. For more info please refer to:
https://scikit-learn.org/stable/model_persistence.html#security-maintainability-limitations
  warnings.warn(
INFO:     Started server process [10268]
INFO:     Waiting for application startup.
INFO:     Application startup complete.
INFO:     Uvicorn running on http://127.0.0.1:8000 (Press CTRL+C to quit)
